Nauticle version 1.1.master
  Working directory is set to: /user_dir
    Initial conditions: from YAML file.

  ==============================================================================
    Simulation
  ------------------------------------------------------------------------------
  ==============================================================================
    Case
  ------------------------------------------------------------------------------
  ==============================================================================
     Workspace (number of nodes: 10625)
  ------------------------------------------------------------------------------
      Constants:
         1) rho_solid = 7850
         2) d = 0.3
         3) L_obj = 0.05
         4) L = 0.2
         5) csize = 0.005
         6) dx = 0.002
         7) h = 0.0025
         8) g = 0 | -9.81 | 0
         9) rho0 = 1000
         10) mass = 0.004
         11) mass_solid = 0.0314
         12) c = 20
         13) R = 0.005
      Variables:
         1) numparticles = 10625
         2) dt = 0.0001
         3) write_case = 0
         4) substeps = 0
         5) all_steps = 0
      Fields:
         1) id                       [1 by 1]
         2) {r}                        [3 by 1]
            Domain:
               min: 0 | 0 | -1
               max: 40 | 100 | 1
               boundary: 1 | 1 | 2
               cell size: 0.005 | 0.005 | 0.005
         3) periodic_jump            [3 by 1]
         4) gid                      [1 by 1]
         5) a                        [3 by 1]
         6) v                        [3 by 1]
         7) rho                      [1 by 1]
         8) rho_dot                  [1 by 1]
         9) p                        [1 by 1]
         10) f                        [3 by 1]
         11) rigid_body_id            [1 by 1]
  ==============================================================================
      Equations:
         1) conti: rho_dot = ((-(rho*sph_D00(v,mass,rho,Wp52220,R)))+(((0.1*c)*h)*sph_L0(rho,mass,rho,Wp52220,R)))  # true
         2) int_rho: rho = euler(rho,rho_dot,dt)  # true
         3) EOS: p = ((c^2)*(rho-rho0))  # true
         4) EOM: a = (((-((1/rho)*sph_G11(p,mass,rho,Wp52220,R)))+(0.01*sph_A(v,mass,rho,Wp52220,R)))+g)  # true
         5) vel: v = euler(v,a,dt)  # eq(gid,1)
         6) pos: {r} = euler({r},v,dt)  # eq(gid,1)
         7) force: f = (mass*a)  # eq(gid,0)
  ==============================================================================
    Rigid body system
  ------------------------------------------------------------------------------
      Properties:
        file: square.txt   (1 rigid body)
        velocity: v
        force: f
        mass: mass_solid
        particle theta: (identity(3)*0)
  ==============================================================================
  ==============================================================================
  ==============================================================================
    Parameter space
  ------------------------------------------------------------------------------
      Parameters:
        1) simulated_time = 1
        2) run_simulation = true
        3) print_interval = 0.01
        4) confirm_on_exit = false
        5) output_format = ASCII
        6) file_start = 0
        7) compile_case = false
        8) file_name_digits = 4
  ==============================================================================
  ==============================================================================
   Number of threads used: 16 (16 available)
   Starting calculation...

  ==============================================================================
                         System time: 24.05.2025 14:05
  ==============================================================================
  | N# | Time step | Substeps | All steps |  Time |  ts/s  |  Estimated Finish |
  ==============================================================================
     0   1.000e-04          0           0   0.000   000.00   24.05.2025 14:05
     1   1.000e-04        100         100   0.010   013.97   24.05.2025 14:17
     2   1.000e-04        100         200   0.020   014.19   24.05.2025 14:17
     3   1.000e-04        100         300   0.030   014.17   24.05.2025 14:17
     4   1.000e-04        100         400   0.040   014.17   24.05.2025 14:17
     5   1.000e-04        100         500   0.050   013.78   24.05.2025 14:17
     6   1.000e-04        100         600   0.060   013.81   24.05.2025 14:17
     7   1.000e-04        100         700   0.070   014.30   24.05.2025 14:17
     8   1.000e-04        100         800   0.080   013.98   24.05.2025 14:17
     9   1.000e-04        100         900   0.090   013.94   24.05.2025 14:17
    10   1.000e-04        100        1000   0.100   014.21   24.05.2025 14:17
    11   1.000e-04        100        1100   0.110   014.01   24.05.2025 14:17
    12   1.000e-04        100        1200   0.120   013.92   24.05.2025 14:17
    13   1.000e-04        100        1300   0.130   014.03   24.05.2025 14:17
    14   1.000e-04        100        1400   0.140   013.91   24.05.2025 14:17
    15   1.000e-04        100        1500   0.150   013.84   24.05.2025 14:17
    16   1.000e-04        100        1600   0.160   014.00   24.05.2025 14:17
    17   1.000e-04        100        1700   0.170   013.83   24.05.2025 14:17
    18   1.000e-04        100        1800   0.180   013.38   24.05.2025 14:17
    19   1.000e-04        100        1900   0.190   014.01   24.05.2025 14:17
    20   1.000e-04        100        2000   0.200   013.98   24.05.2025 14:17
    21   1.000e-04        100        2100   0.210   013.86   24.05.2025 14:17
    22   1.000e-04        100        2200   0.220   013.87   24.05.2025 14:17
    23   1.000e-04        100        2300   0.230   013.86   24.05.2025 14:17
    24   1.000e-04        100        2400   0.240   013.92   24.05.2025 14:17
    25   1.000e-04        100        2500   0.250   013.90   24.05.2025 14:17
    26   1.000e-04        100        2600   0.260   013.85   24.05.2025 14:17
    27   1.000e-04        100        2700   0.270   013.92   24.05.2025 14:17
    28   1.000e-04        100        2800   0.280   014.35   24.05.2025 14:17
    29   1.000e-04        100        2900   0.290   014.03   24.05.2025 14:17
    30   1.000e-04        100        3000   0.300   014.01   24.05.2025 14:17
    31   1.000e-04        100        3100   0.310   014.02   24.05.2025 14:17
    32   1.000e-04        100        3200   0.320   013.99   24.05.2025 14:17
    33   1.000e-04        100        3300   0.330   013.96   24.05.2025 14:17
    34   1.000e-04        100        3400   0.340   014.11   24.05.2025 14:17
    35   1.000e-04        100        3500   0.350   013.97   24.05.2025 14:17
    36   1.000e-04        100        3600   0.360   013.95   24.05.2025 14:17
    37   1.000e-04        100        3700   0.370   014.00   24.05.2025 14:17
    38   1.000e-04        100        3800   0.380   013.88   24.05.2025 14:17
    39   1.000e-04        100        3900   0.390   013.79   24.05.2025 14:17
    40   1.000e-04        100        4000   0.400   014.01   24.05.2025 14:17
    41   1.000e-04        100        4100   0.410   013.88   24.05.2025 14:17
    42   1.000e-04        100        4200   0.420   014.02   24.05.2025 14:17
    43   1.000e-04        100        4300   0.430   013.82   24.05.2025 14:17
    44   1.000e-04        100        4400   0.440   013.83   24.05.2025 14:17
    45   1.000e-04        100        4500   0.450   013.93   24.05.2025 14:17
    46   1.000e-04        100        4600   0.460   014.10   24.05.2025 14:17
    47   1.000e-04        100        4700   0.470   013.71   24.05.2025 14:17
    48   1.000e-04        100        4800   0.480   013.89   24.05.2025 14:17
    49   1.000e-04        100        4900   0.490   013.95   24.05.2025 14:17
    50   1.000e-04        100        5000   0.500   013.78   24.05.2025 14:17
  ==============================================================================
  | N# | Time step | Substeps | All steps |  Time |  ts/s  |  Estimated Finish |
  ==============================================================================
    51   1.000e-04        100        5100   0.510   013.72   24.05.2025 14:17
    52   1.000e-04        100        5200   0.520   013.53   24.05.2025 14:17
    53   1.000e-04        100        5300   0.530   013.76   24.05.2025 14:17
    54   1.000e-04        100        5400   0.540   013.83   24.05.2025 14:17
    55   1.000e-04        100        5500   0.550   013.80   24.05.2025 14:17
    56   1.000e-04        100        5600   0.560   013.94   24.05.2025 14:17
    57   1.000e-04        100        5700   0.570   013.49   24.05.2025 14:17
    58   1.000e-04        100        5800   0.580   013.77   24.05.2025 14:17
    59   1.000e-04        100        5900   0.590   013.36   24.05.2025 14:17
    60   1.000e-04        100        6000   0.600   013.72   24.05.2025 14:17
    61   1.000e-04        100        6100   0.610   013.60   24.05.2025 14:17
    62   1.000e-04        100        6200   0.620   013.89   24.05.2025 14:17
    63   1.000e-04        100        6300   0.630   013.91   24.05.2025 14:17
    64   1.000e-04        100        6400   0.640   013.78   24.05.2025 14:17
    65   1.000e-04        100        6500   0.650   013.73   24.05.2025 14:17
    66   1.000e-04        100        6600   0.660   013.80   24.05.2025 14:17
    67   1.000e-04        100        6700   0.670   013.74   24.05.2025 14:17
    68   1.000e-04        100        6800   0.680   013.90   24.05.2025 14:17
    69   1.000e-04        100        6900   0.690   013.85   24.05.2025 14:17
    70   1.000e-04        100        7000   0.700   013.89   24.05.2025 14:17
    71   1.000e-04        100        7100   0.710   013.95   24.05.2025 14:17
    72   1.000e-04        100        7200   0.720   014.07   24.05.2025 14:17
    73   1.000e-04        100        7300   0.730   013.95   24.05.2025 14:17
    74   1.000e-04        100        7400   0.740   013.90   24.05.2025 14:17
    75   1.000e-04        100        7500   0.750   013.72   24.05.2025 14:17
    76   1.000e-04        100        7600   0.760   014.00   24.05.2025 14:17
    77   1.000e-04        100        7700   0.770   013.84   24.05.2025 14:17
    78   1.000e-04        100        7800   0.780   014.01   24.05.2025 14:17
    79   1.000e-04        100        7900   0.790   013.67   24.05.2025 14:17
    80   1.000e-04        100        8000   0.800   013.63   24.05.2025 14:17
    81   1.000e-04        100        8100   0.810   014.13   24.05.2025 14:17
    82   1.000e-04        100        8200   0.820   013.19   24.05.2025 14:17
    83   1.000e-04        100        8300   0.830   013.62   24.05.2025 14:17
    84   1.000e-04        100        8400   0.840   013.89   24.05.2025 14:17
    85   1.000e-04        100        8500   0.850   013.75   24.05.2025 14:17
    86   1.000e-04        100        8600   0.860   013.82   24.05.2025 14:17
    87   1.000e-04        100        8700   0.870   013.46   24.05.2025 14:17
    88   1.000e-04        100        8800   0.880   013.78   24.05.2025 14:17
    89   1.000e-04        100        8900   0.890   013.77   24.05.2025 14:17
    90   1.000e-04        100        9000   0.900   013.73   24.05.2025 14:17
    91   1.000e-04        100        9100   0.910   013.47   24.05.2025 14:17
    92   1.000e-04        100        9200   0.920   013.23   24.05.2025 14:17
    93   1.000e-04        100        9300   0.930   013.92   24.05.2025 14:17
    94   1.000e-04        100        9400   0.940   013.63   24.05.2025 14:17
    95   1.000e-04        100        9500   0.950   013.93   24.05.2025 14:17
    96   1.000e-04        100        9600   0.960   014.01   24.05.2025 14:17
    97   1.000e-04        100        9700   0.970   013.74   24.05.2025 14:17
    98   1.000e-04        100        9800   0.980   013.93   24.05.2025 14:17
    99   1.000e-04        100        9900   0.990   013.86   24.05.2025 14:17
   100   1.000e-04        100       10000   1.000   013.67   24.05.2025 14:17
  ==============================================================================
                         System time: 24.05.2025 14:17
  ==============================================================================

  Calculation is successfully finished.
  ==============================================================================
   Simulation summary:
     Start                       :   24.05.2025 14:05
     End                         :   24.05.2025 14:17
     Number of result files      :   101
     Number of simulation steps  :   10000
     Number of warning messages  :   0
     Log file                    :   "sim.log"
  ==============================================================================

