Nauticle version 1.1.master
  Working directory is set to: /user_dir
    Initial conditions: from YAML file.

  ==============================================================================
    Simulation
  ------------------------------------------------------------------------------
  ==============================================================================
    Case
  ------------------------------------------------------------------------------
  ==============================================================================
     Workspace (number of nodes: 10088)
  ------------------------------------------------------------------------------
      Constants:
         1) L = 0.2
         2) x_c = 0.1
         3) y_c = 0.25
         4) rho_solid = 2000
         5) t = 0.005
         6) W = 0.05
         7) H = 0.025
         8) L_obj = 0.025
         9) csize = 0.005
         10) dx = 0.002
         11) h = 0.0025
         12) g = 0 | -9.81 | 0
         13) rho0 = 1000
         14) mass = 0.004
         15) mass_solid = 0.008
         16) c = 20
         17) R = 0.005
      Variables:
         1) numparticles = 10088
         2) dt = 0.0001
         3) write_case = 0
         4) substeps = 0
         5) all_steps = 0
      Fields:
         1) id                       [1 by 1]
         2) {r}                        [3 by 1]
            Domain:
               min: 0 | 0 | -1
               max: 40 | 60 | 1
               boundary: 1 | 1 | 2
               cell size: 0.005 | 0.005 | 0.005
         3) periodic_jump            [3 by 1]
         4) gid                      [1 by 1]
         5) a                        [3 by 1]
         6) v                        [3 by 1]
         7) rho                      [1 by 1]
         8) rho_dot                  [1 by 1]
         9) p                        [1 by 1]
         10) f                        [3 by 1]
         11) rigid_body_id            [1 by 1]
  ==============================================================================
      Equations:
         1) conti: rho_dot = ((-(rho*sph_D00(v,mass,rho,Wp52220,R)))+(((0.1*c)*h)*sph_L0(rho,mass,rho,Wp52220,R)))  # true
         2) int_rho: rho = euler(rho,rho_dot,dt)  # true
         3) EOS: p = ((c^2)*(rho-rho0))  # true
         4) EOM: a = (((-((1/rho)*sph_G11(p,mass,rho,Wp52220,R)))+(0.01*sph_A(v,mass,rho,Wp52220,R)))+g)  # true
         5) vel: v = euler(v,a,dt)  # eq(gid,1)
         6) pos: {r} = euler({r},v,dt)  # eq(gid,1)
         7) force: f = (mass*a)  # eq(gid,0)
  ==============================================================================
    Rigid body system
  ------------------------------------------------------------------------------
      Properties:
        file: boat_0.005.txt   (1 rigid body)
        velocity: v
        force: f
        mass: mass_solid
        particle theta: (identity(3)*0)
  ==============================================================================
  ==============================================================================
  ==============================================================================
    Parameter space
  ------------------------------------------------------------------------------
      Parameters:
        1) simulated_time = 0.5
        2) run_simulation = true
        3) print_interval = 0.01
        4) confirm_on_exit = false
        5) output_format = ASCII
        6) file_start = 0
        7) compile_case = false
        8) file_name_digits = 4
  ==============================================================================
  ==============================================================================
   Number of threads used: 16 (16 available)
   Starting calculation...

  ==============================================================================
                         System time: 14.05.2025 21:45
  ==============================================================================
  | N# | Time step | Substeps | All steps |  Time |  ts/s  |  Estimated Finish |
  ==============================================================================
     0   1.000e-04          0           0   0.000   000.00   14.05.2025 21:45
     1   1.000e-04        100         100   0.010   009.69   14.05.2025 21:54
     2   1.000e-04        100         200   0.020   009.90   14.05.2025 21:54
     3   1.000e-04        100         300   0.030   009.88   14.05.2025 21:54
     4   1.000e-04        100         400   0.040   009.97   14.05.2025 21:54
     5   1.000e-04        100         500   0.050   010.29   14.05.2025 21:54
     6   1.000e-04        100         600   0.060   009.90   14.05.2025 21:54
     7   1.000e-04        100         700   0.070   009.84   14.05.2025 21:54
     8   1.000e-04        100         800   0.080   009.84   14.05.2025 21:54
     9   1.000e-04        100         900   0.090   006.97   14.05.2025 21:54
    10   1.000e-04        100        1000   0.100   006.78   14.05.2025 21:54
    11   1.000e-04        100        1100   0.110   007.03   14.05.2025 21:54
    12   1.000e-04        100        1200   0.120   007.22   14.05.2025 21:54
    13   1.000e-04        100        1300   0.130   006.80   14.05.2025 21:56
    14   1.000e-04        100        1400   0.140   007.20   14.05.2025 21:56
    15   1.000e-04        100        1500   0.150   007.13   14.05.2025 21:56
    16   1.000e-04        100        1600   0.160   006.98   14.05.2025 21:56
    17   1.000e-04        100        1700   0.170   006.94   14.05.2025 21:56
    18   1.000e-04        100        1800   0.180   006.88   14.05.2025 21:56
    19   1.000e-04        100        1900   0.190   009.17   14.05.2025 21:56
    20   1.000e-04        100        2000   0.200   009.55   14.05.2025 21:56
    21   1.000e-04        100        2100   0.210   009.67   14.05.2025 21:56
    22   1.000e-04        100        2200   0.220   009.90   14.05.2025 21:56
    23   1.000e-04        100        2300   0.230   009.44   14.05.2025 21:56
    24   1.000e-04        100        2400   0.240   009.89   14.05.2025 21:56
    25   1.000e-04        100        2500   0.250   009.55   14.05.2025 21:56
    26   1.000e-04        100        2600   0.260   009.64   14.05.2025 21:56
    27   1.000e-04        100        2700   0.270   009.70   14.05.2025 21:56
    28   1.000e-04        100        2800   0.280   009.66   14.05.2025 21:56
    29   1.000e-04        100        2900   0.290   009.57   14.05.2025 21:56
    30   1.000e-04        100        3000   0.300   009.73   14.05.2025 21:56
    31   1.000e-04        100        3100   0.310   009.76   14.05.2025 21:56
    32   1.000e-04        100        3200   0.320   009.59   14.05.2025 21:56
    33   1.000e-04        100        3300   0.330   008.45   14.05.2025 21:56
    34   1.000e-04        100        3400   0.340   007.14   14.05.2025 21:56
    35   1.000e-04        100        3500   0.350   007.13   14.05.2025 21:56
    36   1.000e-04        100        3600   0.360   007.11   14.05.2025 21:56
    37   1.000e-04        100        3700   0.370   007.23   14.05.2025 21:56
    38   1.000e-04        100        3800   0.380   007.02   14.05.2025 21:56
    39   1.000e-04        100        3900   0.390   007.21   14.05.2025 21:56
    40   1.000e-04        100        4000   0.400   007.40   14.05.2025 21:56
    41   1.000e-04        100        4100   0.410   007.19   14.05.2025 21:56
    42   1.000e-04        100        4200   0.420   007.02   14.05.2025 21:56
    43   1.000e-04        100        4300   0.430   007.04   14.05.2025 21:56
    44   1.000e-04        100        4400   0.440   007.45   14.05.2025 21:56
    45   1.000e-04        100        4500   0.450   007.35   14.05.2025 21:56
    46   1.000e-04        100        4600   0.460   007.35   14.05.2025 21:56
    47   1.000e-04        100        4700   0.470   007.46   14.05.2025 21:56
    48   1.000e-04        100        4800   0.480   007.47   14.05.2025 21:56
    49   1.000e-04        100        4900   0.490   007.67   14.05.2025 21:56
    50   1.000e-04        100        5000   0.500   007.74   14.05.2025 21:56
  ==============================================================================
                         System time: 14.05.2025 21:56
  ==============================================================================

  Calculation is successfully finished.
  ==============================================================================
   Simulation summary:
     Start                       :   14.05.2025 21:45
     End                         :   14.05.2025 21:56
     Number of result files      :   51
     Number of simulation steps  :   5000
     Number of warning messages  :   0
     Log file                    :   "sim.log"
  ==============================================================================

