Nauticle version 1.1.master
  Working directory is set to: /user_dir
    Initial conditions: from YAML file.

  ==============================================================================
    Simulation
  ------------------------------------------------------------------------------
  ==============================================================================
    Case
  ------------------------------------------------------------------------------
  ==============================================================================
     Workspace (number of nodes: 10144)
  ------------------------------------------------------------------------------
      Constants:
         1) L = 0.2
         2) L_obj = 0.025
         3) csize = 0.005
         4) dx = 0.002
         5) h = 0.0025
         6) g = 0 | -9.81 | 0
         7) rho0 = 1000
         8) mass = 0.004
         9) rho_solid = 2000
         10) mass_solid = 0.008
         11) c = 20
         12) R = 0.005
      Variables:
         1) numparticles = 10144
         2) dt = 0.0001
         3) write_case = 0
         4) substeps = 0
         5) all_steps = 0
      Fields:
         1) id                       [1 by 1]
         2) {r}                        [3 by 1]
            Domain:
               min: 0 | 0 | -1
               max: 40 | 60 | 1
               boundary: 1 | 1 | 2
               cell size: 0.005 | 0.005 | 0.005
         3) periodic_jump            [3 by 1]
         4) gid                      [1 by 1]
         5) a                        [3 by 1]
         6) v                        [3 by 1]
         7) rho                      [1 by 1]
         8) rho_dot                  [1 by 1]
         9) p                        [1 by 1]
         10) f                        [3 by 1]
         11) rigid_body_id            [1 by 1]
  ==============================================================================
      Equations:
         1) conti: rho_dot = ((-(rho*sph_D00(v,mass,rho,Wp52220,R)))+(((0.1*c)*h)*sph_L0(rho,mass,rho,Wp52220,R)))  # true
         2) int_rho: rho = euler(rho,rho_dot,dt)  # true
         3) EOS: p = ((c^2)*(rho-rho0))  # true
         4) EOM: a = (((-((1/rho)*sph_G11(p,mass,rho,Wp52220,R)))+(0.01*sph_A(v,mass,rho,Wp52220,R)))+g)  # true
         5) vel: v = euler(v,a,dt)  # eq(gid,1)
         6) pos: {r} = euler({r},v,dt)  # eq(gid,1)
         7) force: f = (mass*a)  # eq(gid,0)
  ==============================================================================
    Rigid body system
  ------------------------------------------------------------------------------
      Properties:
        file: square.txt   (1 rigid body)
        velocity: v
        force: f
        mass: mass_solid
        particle theta: (identity(3)*0)
  ==============================================================================
  ==============================================================================
  ==============================================================================
    Parameter space
  ------------------------------------------------------------------------------
      Parameters:
        1) simulated_time = 1
        2) run_simulation = true
        3) print_interval = 0.01
        4) confirm_on_exit = false
        5) output_format = ASCII
        6) file_start = 0
        7) compile_case = false
        8) file_name_digits = 4
  ==============================================================================
  ==============================================================================
   Number of threads used: 16 (16 available)
   Starting calculation...

  ==============================================================================
                         System time: 24.05.2025 12:50
  ==============================================================================
  | N# | Time step | Substeps | All steps |  Time |  ts/s  |  Estimated Finish |
  ==============================================================================
     0   1.000e-04          0           0   0.000   000.00   24.05.2025 12:50
     1   1.000e-04        100         100   0.010   015.22   24.05.2025 13:00
     2   1.000e-04        100         200   0.020   015.19   24.05.2025 13:00
     3   1.000e-04        100         300   0.030   015.16   24.05.2025 13:00
     4   1.000e-04        100         400   0.040   014.24   24.05.2025 13:00
     5   1.000e-04        100         500   0.050   014.24   24.05.2025 13:00
     6   1.000e-04        100         600   0.060   014.43   24.05.2025 13:00
     7   1.000e-04        100         700   0.070   014.83   24.05.2025 13:00
     8   1.000e-04        100         800   0.080   015.18   24.05.2025 13:00
     9   1.000e-04        100         900   0.090   014.59   24.05.2025 13:00
    10   1.000e-04        100        1000   0.100   015.02   24.05.2025 13:00
    11   1.000e-04        100        1100   0.110   013.55   24.05.2025 13:00
    12   1.000e-04        100        1200   0.120   014.55   24.05.2025 13:00
    13   1.000e-04        100        1300   0.130   014.73   24.05.2025 13:00
    14   1.000e-04        100        1400   0.140   014.11   24.05.2025 13:00
    15   1.000e-04        100        1500   0.150   014.31   24.05.2025 13:00
    16   1.000e-04        100        1600   0.160   015.24   24.05.2025 13:00
    17   1.000e-04        100        1700   0.170   014.98   24.05.2025 13:00
    18   1.000e-04        100        1800   0.180   014.66   24.05.2025 13:00
    19   1.000e-04        100        1900   0.190   015.03   24.05.2025 13:00
    20   1.000e-04        100        2000   0.200   014.75   24.05.2025 13:00
    21   1.000e-04        100        2100   0.210   014.17   24.05.2025 13:00
    22   1.000e-04        100        2200   0.220   015.19   24.05.2025 13:00
    23   1.000e-04        100        2300   0.230   014.85   24.05.2025 13:00
    24   1.000e-04        100        2400   0.240   015.00   24.05.2025 13:00
    25   1.000e-04        100        2500   0.250   015.03   24.05.2025 13:00
    26   1.000e-04        100        2600   0.260   014.87   24.05.2025 13:00
    27   1.000e-04        100        2700   0.270   014.68   24.05.2025 13:00
    28   1.000e-04        100        2800   0.280   012.89   24.05.2025 13:00
    29   1.000e-04        100        2900   0.290   013.41   24.05.2025 13:00
    30   1.000e-04        100        3000   0.300   015.13   24.05.2025 13:00
    31   1.000e-04        100        3100   0.310   015.23   24.05.2025 13:00
    32   1.000e-04        100        3200   0.320   014.29   24.05.2025 13:00
    33   1.000e-04        100        3300   0.330   015.19   24.05.2025 13:00
    34   1.000e-04        100        3400   0.340   015.01   24.05.2025 13:00
    35   1.000e-04        100        3500   0.350   014.88   24.05.2025 13:00
    36   1.000e-04        100        3600   0.360   014.89   24.05.2025 13:00
    37   1.000e-04        100        3700   0.370   014.17   24.05.2025 13:00
    38   1.000e-04        100        3800   0.380   014.59   24.05.2025 13:00
    39   1.000e-04        100        3900   0.390   014.56   24.05.2025 13:00
    40   1.000e-04        100        4000   0.400   014.66   24.05.2025 13:00
    41   1.000e-04        100        4100   0.410   014.40   24.05.2025 13:00
    42   1.000e-04        100        4200   0.420   014.86   24.05.2025 13:00
    43   1.000e-04        100        4300   0.430   014.44   24.05.2025 13:00
    44   1.000e-04        100        4400   0.440   014.77   24.05.2025 13:00
    45   1.000e-04        100        4500   0.450   015.26   24.05.2025 13:00
    46   1.000e-04        100        4600   0.460   015.05   24.05.2025 13:00
    47   1.000e-04        100        4700   0.470   014.63   24.05.2025 13:00
    48   1.000e-04        100        4800   0.480   015.00   24.05.2025 13:00
    49   1.000e-04        100        4900   0.490   014.65   24.05.2025 13:00
    50   1.000e-04        100        5000   0.500   014.72   24.05.2025 13:00
  ==============================================================================
  | N# | Time step | Substeps | All steps |  Time |  ts/s  |  Estimated Finish |
  ==============================================================================
    51   1.000e-04        100        5100   0.510   014.63   24.05.2025 13:00
    52   1.000e-04        100        5200   0.520   014.60   24.05.2025 13:00
    53   1.000e-04        100        5300   0.530   014.66   24.05.2025 13:00
    54   1.000e-04        100        5400   0.540   014.94   24.05.2025 13:00
    55   1.000e-04        100        5500   0.550   014.32   24.05.2025 13:00
    56   1.000e-04        100        5600   0.560   013.75   24.05.2025 13:00
    57   1.000e-04        100        5700   0.570   014.36   24.05.2025 13:00
    58   1.000e-04        100        5800   0.580   013.86   24.05.2025 13:00
    59   1.000e-04        100        5900   0.590   013.77   24.05.2025 13:00
    60   1.000e-04        100        6000   0.600   013.95   24.05.2025 13:00
    61   1.000e-04        100        6100   0.610   012.85   24.05.2025 13:00
    62   1.000e-04        100        6200   0.620   009.34   24.05.2025 13:00
    63   1.000e-04        100        6300   0.630   009.10   24.05.2025 13:00
    64   1.000e-04        100        6400   0.640   009.42   24.05.2025 13:02
    65   1.000e-04        100        6500   0.650   009.44   24.05.2025 13:02
    66   1.000e-04        100        6600   0.660   009.38   24.05.2025 13:02
    67   1.000e-04        100        6700   0.670   008.83   24.05.2025 13:02
    68   1.000e-04        100        6800   0.680   009.06   24.05.2025 13:02
    69   1.000e-04        100        6900   0.690   008.82   24.05.2025 13:02
    70   1.000e-04        100        7000   0.700   008.44   24.05.2025 13:02
    71   1.000e-04        100        7100   0.710   008.58   24.05.2025 13:02
    72   1.000e-04        100        7200   0.720   009.54   24.05.2025 13:02
    73   1.000e-04        100        7300   0.730   009.60   24.05.2025 13:02
    74   1.000e-04        100        7400   0.740   009.45   24.05.2025 13:02
    75   1.000e-04        100        7500   0.750   009.53   24.05.2025 13:02
    76   1.000e-04        100        7600   0.760   008.58   24.05.2025 13:02
    77   1.000e-04        100        7700   0.770   008.73   24.05.2025 13:02
    78   1.000e-04        100        7800   0.780   008.76   24.05.2025 13:02
    79   1.000e-04        100        7900   0.790   009.38   24.05.2025 13:02
    80   1.000e-04        100        8000   0.800   009.18   24.05.2025 13:02
    81   1.000e-04        100        8100   0.810   009.28   24.05.2025 13:02
    82   1.000e-04        100        8200   0.820   009.26   24.05.2025 13:02
    83   1.000e-04        100        8300   0.830   009.22   24.05.2025 13:02
    84   1.000e-04        100        8400   0.840   009.11   24.05.2025 13:02
    85   1.000e-04        100        8500   0.850   009.26   24.05.2025 13:02
    86   1.000e-04        100        8600   0.860   009.12   24.05.2025 13:02
    87   1.000e-04        100        8700   0.870   009.49   24.05.2025 13:02
    88   1.000e-04        100        8800   0.880   009.12   24.05.2025 13:02
    89   1.000e-04        100        8900   0.890   009.41   24.05.2025 13:02
    90   1.000e-04        100        9000   0.900   009.62   24.05.2025 13:02
    91   1.000e-04        100        9100   0.910   008.85   24.05.2025 13:02
    92   1.000e-04        100        9200   0.920   009.33   24.05.2025 13:02
    93   1.000e-04        100        9300   0.930   009.22   24.05.2025 13:02
    94   1.000e-04        100        9400   0.940   009.51   24.05.2025 13:02
    95   1.000e-04        100        9500   0.950   009.22   24.05.2025 13:02
    96   1.000e-04        100        9600   0.960   008.28   24.05.2025 13:05
    97   1.000e-04        100        9700   0.970   007.31   24.05.2025 13:05
