Nauticle version 1.1.master
  Working directory is set to: /user_dir
    Initial conditions: from YAML file.

  ==============================================================================
    Simulation
  ------------------------------------------------------------------------------
  ==============================================================================
    Case
  ------------------------------------------------------------------------------
  ==============================================================================
     Workspace (number of nodes: 10625)
  ------------------------------------------------------------------------------
      Constants:
         1) L = 0.2
         2) L_obj = 0.05
         3) d = 0.3
         4) csize = 0.005
         5) dx = 0.002
         6) h = 0.0025
         7) g = 0 | -9.81 | 0
         8) rho0 = 1000
         9) mass = 0.004
         10) rho_solid = 2000
         11) mass_solid = 0.008
         12) c = 20
         13) R = 0.005
      Variables:
         1) numparticles = 10625
         2) dt = 0.0001
         3) write_case = 0
         4) substeps = 0
         5) all_steps = 0
      Fields:
         1) id                       [1 by 1]
         2) {r}                        [3 by 1]
            Domain:
               min: 0 | 0 | -1
               max: 40 | 100 | 1
               boundary: 1 | 1 | 2
               cell size: 0.005 | 0.005 | 0.005
         3) periodic_jump            [3 by 1]
         4) gid                      [1 by 1]
         5) a                        [3 by 1]
         6) v                        [3 by 1]
         7) rho                      [1 by 1]
         8) rho_dot                  [1 by 1]
         9) p                        [1 by 1]
         10) f                        [3 by 1]
         11) rigid_body_id            [1 by 1]
  ==============================================================================
      Equations:
         1) conti: rho_dot = ((-(rho*sph_D00(v,mass,rho,Wp52220,R)))+(((0.1*c)*h)*sph_L0(rho,mass,rho,Wp52220,R)))  # true
         2) int_rho: rho = euler(rho,rho_dot,dt)  # true
         3) EOS: p = ((c^2)*(rho-rho0))  # true
         4) EOM: a = (((-((1/rho)*sph_G11(p,mass,rho,Wp52220,R)))+(0.01*sph_A(v,mass,rho,Wp52220,R)))+g)  # true
         5) vel: v = euler(v,a,dt)  # eq(gid,1)
         6) pos: {r} = euler({r},v,dt)  # eq(gid,1)
         7) force: f = (mass*a)  # eq(gid,0)
  ==============================================================================
    Rigid body system
  ------------------------------------------------------------------------------
      Properties:
        file: square.txt   (1 rigid body)
        velocity: v
        force: f
        mass: mass_solid
        particle theta: (identity(3)*0)
  ==============================================================================
  ==============================================================================
  ==============================================================================
    Parameter space
  ------------------------------------------------------------------------------
      Parameters:
        1) simulated_time = 1
        2) run_simulation = true
        3) print_interval = 0.01
        4) confirm_on_exit = false
        5) output_format = ASCII
        6) file_start = 0
        7) compile_case = false
        8) file_name_digits = 4
  ==============================================================================
  ==============================================================================
   Number of threads used: 16 (16 available)
   Starting calculation...

  ==============================================================================
                         System time: 24.05.2025 13:38
  ==============================================================================
  | N# | Time step | Substeps | All steps |  Time |  ts/s  |  Estimated Finish |
  ==============================================================================
     0   1.000e-04          0           0   0.000   000.00   24.05.2025 13:38
     1   1.000e-04        100         100   0.010   013.58   24.05.2025 13:49
     2   1.000e-04        100         200   0.020   009.49   24.05.2025 13:54
     3   1.000e-04        100         300   0.030   009.27   24.05.2025 13:54
     4   1.000e-04        100         400   0.040   009.96   24.05.2025 13:56
     5   1.000e-04        100         500   0.050   009.87   24.05.2025 13:56
     6   1.000e-04        100         600   0.060   009.74   24.05.2025 13:56
     7   1.000e-04        100         700   0.070   009.74   24.05.2025 13:56
     8   1.000e-04        100         800   0.080   009.85   24.05.2025 13:56
     9   1.000e-04        100         900   0.090   009.35   24.05.2025 13:56
    10   1.000e-04        100        1000   0.100   009.61   24.05.2025 13:56
    11   1.000e-04        100        1100   0.110   009.71   24.05.2025 13:56
    12   1.000e-04        100        1200   0.120   009.06   24.05.2025 13:56
    13   1.000e-04        100        1300   0.130   008.95   24.05.2025 13:56
    14   1.000e-04        100        1400   0.140   009.48   24.05.2025 13:56
    15   1.000e-04        100        1500   0.150   009.42   24.05.2025 13:56
    16   1.000e-04        100        1600   0.160   009.61   24.05.2025 13:56
    17   1.000e-04        100        1700   0.170   009.38   24.05.2025 13:56
    18   1.000e-04        100        1800   0.180   009.53   24.05.2025 13:56
    19   1.000e-04        100        1900   0.190   009.66   24.05.2025 13:56
    20   1.000e-04        100        2000   0.200   009.64   24.05.2025 13:56
    21   1.000e-04        100        2100   0.210   009.59   24.05.2025 13:56
    22   1.000e-04        100        2200   0.220   009.55   24.05.2025 13:56
    23   1.000e-04        100        2300   0.230   009.55   24.05.2025 13:56
    24   1.000e-04        100        2400   0.240   009.44   24.05.2025 13:56
    25   1.000e-04        100        2500   0.250   009.72   24.05.2025 13:56
    26   1.000e-04        100        2600   0.260   009.70   24.05.2025 13:56
    27   1.000e-04        100        2700   0.270   009.22   24.05.2025 13:56
    28   1.000e-04        100        2800   0.280   009.56   24.05.2025 13:56
    29   1.000e-04        100        2900   0.290   009.81   24.05.2025 13:56
    30   1.000e-04        100        3000   0.300   009.64   24.05.2025 13:56
    31   1.000e-04        100        3100   0.310   009.65   24.05.2025 13:56
    32   1.000e-04        100        3200   0.320   009.61   24.05.2025 13:56
    33   1.000e-04        100        3300   0.330   009.56   24.05.2025 13:56
    34   1.000e-04        100        3400   0.340   009.58   24.05.2025 13:56
    35   1.000e-04        100        3500   0.350   009.74   24.05.2025 13:56
    36   1.000e-04        100        3600   0.360   009.70   24.05.2025 13:56
    37   1.000e-04        100        3700   0.370   009.68   24.05.2025 13:56
    38   1.000e-04        100        3800   0.380   009.59   24.05.2025 13:56
    39   1.000e-04        100        3900   0.390   009.68   24.05.2025 13:56
    40   1.000e-04        100        4000   0.400   009.42   24.05.2025 13:56
    41   1.000e-04        100        4100   0.410   009.08   24.05.2025 13:56
    42   1.000e-04        100        4200   0.420   009.48   24.05.2025 13:56
    43   1.000e-04        100        4300   0.430   009.63   24.05.2025 13:56
    44   1.000e-04        100        4400   0.440   009.62   24.05.2025 13:56
    45   1.000e-04        100        4500   0.450   009.54   24.05.2025 13:56
    46   1.000e-04        100        4600   0.460   009.57   24.05.2025 13:56
    47   1.000e-04        100        4700   0.470   009.68   24.05.2025 13:56
    48   1.000e-04        100        4800   0.480   009.60   24.05.2025 13:56
    49   1.000e-04        100        4900   0.490   009.70   24.05.2025 13:56
    50   1.000e-04        100        5000   0.500   009.72   24.05.2025 13:56
  ==============================================================================
  | N# | Time step | Substeps | All steps |  Time |  ts/s  |  Estimated Finish |
  ==============================================================================
    51   1.000e-04        100        5100   0.510   009.38   24.05.2025 13:56
    52   1.000e-04        100        5200   0.520   009.44   24.05.2025 13:56
    53   1.000e-04        100        5300   0.530   009.59   24.05.2025 13:56
    54   1.000e-04        100        5400   0.540   009.78   24.05.2025 13:56
    55   1.000e-04        100        5500   0.550   009.44   24.05.2025 13:56
    56   1.000e-04        100        5600   0.560   009.33   24.05.2025 13:56
    57   1.000e-04        100        5700   0.570   009.59   24.05.2025 13:56
    58   1.000e-04        100        5800   0.580   009.44   24.05.2025 13:56
    59   1.000e-04        100        5900   0.590   009.61   24.05.2025 13:56
    60   1.000e-04        100        6000   0.600   009.70   24.05.2025 13:56
    61   1.000e-04        100        6100   0.610   009.73   24.05.2025 13:56
    62   1.000e-04        100        6200   0.620   009.59   24.05.2025 13:56
    63   1.000e-04        100        6300   0.630   009.77   24.05.2025 13:56
    64   1.000e-04        100        6400   0.640   009.64   24.05.2025 13:56
    65   1.000e-04        100        6500   0.650   009.60   24.05.2025 13:56
    66   1.000e-04        100        6600   0.660   009.64   24.05.2025 13:56
    67   1.000e-04        100        6700   0.670   009.82   24.05.2025 13:56
    68   1.000e-04        100        6800   0.680   009.65   24.05.2025 13:56
    69   1.000e-04        100        6900   0.690   009.85   24.05.2025 13:56
    70   1.000e-04        100        7000   0.700   009.02   24.05.2025 13:56
    71   1.000e-04        100        7100   0.710   009.38   24.05.2025 13:56
    72   1.000e-04        100        7200   0.720   009.60   24.05.2025 13:56
    73   1.000e-04        100        7300   0.730   009.57   24.05.2025 13:56
    74   1.000e-04        100        7400   0.740   009.59   24.05.2025 13:56
    75   1.000e-04        100        7500   0.750   009.63   24.05.2025 13:56
    76   1.000e-04        100        7600   0.760   009.56   24.05.2025 13:56
    77   1.000e-04        100        7700   0.770   009.44   24.05.2025 13:56
    78   1.000e-04        100        7800   0.780   009.55   24.05.2025 13:56
    79   1.000e-04        100        7900   0.790   009.65   24.05.2025 13:56
    80   1.000e-04        100        8000   0.800   009.37   24.05.2025 13:56
    81   1.000e-04        100        8100   0.810   009.69   24.05.2025 13:56
    82   1.000e-04        100        8200   0.820   009.75   24.05.2025 13:56
    83   1.000e-04        100        8300   0.830   009.35   24.05.2025 13:56
    84   1.000e-04        100        8400   0.840   009.29   24.05.2025 13:56
    85   1.000e-04        100        8500   0.850   009.42   24.05.2025 13:56
    86   1.000e-04        100        8600   0.860   009.75   24.05.2025 13:56
    87   1.000e-04        100        8700   0.870   009.73   24.05.2025 13:56
    88   1.000e-04        100        8800   0.880   009.72   24.05.2025 13:56
    89   1.000e-04        100        8900   0.890   009.09   24.05.2025 13:56
    90   1.000e-04        100        9000   0.900   009.61   24.05.2025 13:56
    91   1.000e-04        100        9100   0.910   009.58   24.05.2025 13:56
    92   1.000e-04        100        9200   0.920   009.75   24.05.2025 13:56
    93   1.000e-04        100        9300   0.930   009.68   24.05.2025 13:56
    94   1.000e-04        100        9400   0.940   009.75   24.05.2025 13:56
    95   1.000e-04        100        9500   0.950   009.40   24.05.2025 13:56
    96   1.000e-04        100        9600   0.960   009.62   24.05.2025 13:56
    97   1.000e-04        100        9700   0.970   009.65   24.05.2025 13:56
    98   1.000e-04        100        9800   0.980   009.52   24.05.2025 13:56
    99   1.000e-04        100        9900   0.990   013.09   24.05.2025 13:56
   100   1.000e-04        100       10000   1.000   013.63   24.05.2025 13:56
  ==============================================================================
                         System time: 24.05.2025 13:55
  ==============================================================================

  Calculation is successfully finished.
  ==============================================================================
   Simulation summary:
     Start                       :   24.05.2025 13:38
     End                         :   24.05.2025 13:55
     Number of result files      :   101
     Number of simulation steps  :   10000
     Number of warning messages  :   0
     Log file                    :   "sim.log"
  ==============================================================================

