Nauticle version 1.1.master
  Working directory is set to: /user_dir
    Initial conditions: from YAML file.

  ==============================================================================
    Simulation
  ------------------------------------------------------------------------------
  ==============================================================================
    Case
  ------------------------------------------------------------------------------
  ==============================================================================
     Workspace (number of nodes: 10306)
  ------------------------------------------------------------------------------
      Constants:
         1) L = 0.2
         2) d = 0.3
         3) x_c = 0.1
         4) y_c = 0.25
         5) rho_solid = 2000
         6) t = 0.0075
         7) W = 0.075
         8) H = 0.025
         9) L_obj = 0.025
         10) csize = 0.005
         11) dx = 0.002
         12) h = 0.0025
         13) g = 0 | -9.81 | 0
         14) rho0 = 1000
         15) mass = 0.004
         16) mass_solid = 0.008
         17) c = 20
         18) R = 0.005
      Variables:
         1) numparticles = 10306
         2) dt = 0.0001
         3) write_case = 0
         4) substeps = 0
         5) all_steps = 0
      Fields:
         1) id                       [1 by 1]
         2) {r}                        [3 by 1]
            Domain:
               min: 0 | 0 | -1
               max: 40 | 100 | 1
               boundary: 1 | 1 | 2
               cell size: 0.005 | 0.005 | 0.005
         3) periodic_jump            [3 by 1]
         4) gid                      [1 by 1]
         5) a                        [3 by 1]
         6) v                        [3 by 1]
         7) rho                      [1 by 1]
         8) rho_dot                  [1 by 1]
         9) p                        [1 by 1]
         10) f                        [3 by 1]
         11) rigid_body_id            [1 by 1]
  ==============================================================================
      Equations:
         1) conti: rho_dot = ((-(rho*sph_D00(v,mass,rho,Wp52220,R)))+(((0.1*c)*h)*sph_L0(rho,mass,rho,Wp52220,R)))  # true
         2) int_rho: rho = euler(rho,rho_dot,dt)  # true
         3) EOS: p = ((c^2)*(rho-rho0))  # true
         4) EOM: a = (((-((1/rho)*sph_G11(p,mass,rho,Wp52220,R)))+(0.01*sph_A(v,mass,rho,Wp52220,R)))+g)  # true
         5) vel: v = euler(v,a,dt)  # eq(gid,1)
         6) pos: {r} = euler({r},v,dt)  # eq(gid,1)
         7) force: f = (mass*a)  # eq(gid,0)
  ==============================================================================
    Rigid body system
  ------------------------------------------------------------------------------
      Properties:
        file: boat.txt   (2 rigid bodies)
        velocity: v
        force: f
        mass: mass_solid
        particle theta: (identity(3)*0)
  ==============================================================================
  ==============================================================================
  ==============================================================================
    Parameter space
  ------------------------------------------------------------------------------
      Parameters:
        1) simulated_time = 0.5
        2) run_simulation = true
        3) print_interval = 0.01
        4) confirm_on_exit = false
        5) output_format = ASCII
        6) file_start = 0
        7) compile_case = false
        8) file_name_digits = 4
  ==============================================================================
  ==============================================================================
   Number of threads used: 16 (16 available)
   Starting calculation...

  ==============================================================================
                         System time: 23.05.2025 18:27
  ==============================================================================
  | N# | Time step | Substeps | All steps |  Time |  ts/s  |  Estimated Finish |
  ==============================================================================
     0   1.000e-04          0           0   0.000   000.00   23.05.2025 18:27
     1   1.000e-04        100         100   0.010   009.86   23.05.2025 18:35
     2   1.000e-04        100         200   0.020   010.24   23.05.2025 18:35
     3   1.000e-04        100         300   0.030   010.22   23.05.2025 18:35
     4   1.000e-04        100         400   0.040   009.71   23.05.2025 18:35
     5   1.000e-04        100         500   0.050   009.93   23.05.2025 18:35
     6   1.000e-04        100         600   0.060   009.93   23.05.2025 18:35
     7   1.000e-04        100         700   0.070   009.92   23.05.2025 18:35
     8   1.000e-04        100         800   0.080   009.82   23.05.2025 18:35
     9   1.000e-04        100         900   0.090   009.96   23.05.2025 18:35
    10   1.000e-04        100        1000   0.100   009.67   23.05.2025 18:35
    11   1.000e-04        100        1100   0.110   009.97   23.05.2025 18:35
    12   1.000e-04        100        1200   0.120   009.98   23.05.2025 18:35
    13   1.000e-04        100        1300   0.130   009.96   23.05.2025 18:35
    14   1.000e-04        100        1400   0.140   009.93   23.05.2025 18:35
    15   1.000e-04        100        1500   0.150   009.89   23.05.2025 18:35
    16   1.000e-04        100        1600   0.160   009.33   23.05.2025 18:35
    17   1.000e-04        100        1700   0.170   009.83   23.05.2025 18:35
    18   1.000e-04        100        1800   0.180   009.79   23.05.2025 18:35
    19   1.000e-04        100        1900   0.190   009.87   23.05.2025 18:35
    20   1.000e-04        100        2000   0.200   009.99   23.05.2025 18:35
    21   1.000e-04        100        2100   0.210   009.91   23.05.2025 18:35
    22   1.000e-04        100        2200   0.220   009.94   23.05.2025 18:35
    23   1.000e-04        100        2300   0.230   009.84   23.05.2025 18:35
    24   1.000e-04        100        2400   0.240   009.93   23.05.2025 18:35
    25   1.000e-04        100        2500   0.250   009.94   23.05.2025 18:35
    26   1.000e-04        100        2600   0.260   009.89   23.05.2025 18:35
    27   1.000e-04        100        2700   0.270   010.02   23.05.2025 18:35
    28   1.000e-04        100        2800   0.280   009.73   23.05.2025 18:35
    29   1.000e-04        100        2900   0.290   007.64   23.05.2025 18:35
    30   1.000e-04        100        3000   0.300   009.34   23.05.2025 18:35
    31   1.000e-04        100        3100   0.310   009.83   23.05.2025 18:35
    32   1.000e-04        100        3200   0.320   009.99   23.05.2025 18:35
    33   1.000e-04        100        3300   0.330   009.67   23.05.2025 18:35
    34   1.000e-04        100        3400   0.340   009.46   23.05.2025 18:35
    35   1.000e-04        100        3500   0.350   009.65   23.05.2025 18:35
    36   1.000e-04        100        3600   0.360   009.74   23.05.2025 18:35
    37   1.000e-04        100        3700   0.370   009.69   23.05.2025 18:35
    38   1.000e-04        100        3800   0.380   009.92   23.05.2025 18:35
    39   1.000e-04        100        3900   0.390   009.93   23.05.2025 18:35
    40   1.000e-04        100        4000   0.400   009.86   23.05.2025 18:35
    41   1.000e-04        100        4100   0.410   009.78   23.05.2025 18:35
    42   1.000e-04        100        4200   0.420   010.05   23.05.2025 18:35
    43   1.000e-04        100        4300   0.430   009.93   23.05.2025 18:35
    44   1.000e-04        100        4400   0.440   009.87   23.05.2025 18:35
    45   1.000e-04        100        4500   0.450   011.19   23.05.2025 18:35
    46   1.000e-04        100        4600   0.460   013.85   23.05.2025 18:35
    47   1.000e-04        100        4700   0.470   014.13   23.05.2025 18:35
    48   1.000e-04        100        4800   0.480   013.37   23.05.2025 18:35
    49   1.000e-04        100        4900   0.490   013.94   23.05.2025 18:35
    50   1.000e-04        100        5000   0.500   014.28   23.05.2025 18:35
  ==============================================================================
                         System time: 23.05.2025 18:35
  ==============================================================================

  Calculation is successfully finished.
  ==============================================================================
   Simulation summary:
     Start                       :   23.05.2025 18:27
     End                         :   23.05.2025 18:35
     Number of result files      :   51
     Number of simulation steps  :   5000
     Number of warning messages  :   0
     Log file                    :   "sim.log"
  ==============================================================================

